{
  "entity": {
    "UserName": "functionalities",
    "FirstName": "throughput",
    "LastName": "collaborative",
    "NameVerified": true,
    "Email": "Niger",
    "Roles": [
      {
        "RoleName": "Graphical User Interface",
        "Description": "XSS",
        "Id": 69,
        "LastChanged": "2024-10-18T09:53:26.6084721+02:00",
        "IsDeleted": true
      },
      {
        "RoleName": "Rustic",
        "Description": "quantify",
        "Id": 64,
        "LastChanged": "2024-10-18T18:48:10.7006661+02:00",
        "IsDeleted": true
      }
    ],
    "IsActivated": true,
    "Id": 76,
    "LastChanged": "2024-10-18T12:00:19.92143+02:00",
    "IsDeleted": true
  },
  "model": {
    "Id": 76,
    "UserName": "functionalities",
    "Email": "Niger",
    "Name": {
      "FirstName": "throughput",
      "LastName": "collaborative",
      "Verified": true
    },
    "Roles": [
      {
        "Id": 69,
        "RoleName": "Graphical User Interface",
        "Description": "XSS"
      },
      {
        "Id": 64,
        "RoleName": "Rustic",
        "Description": "quantify"
      }
    ],
    "IsActivated": true
  }
}
